00:20:25 **** Incremental Build of configuration Debug for project Uart_Exp ****
make pre-build main-build 
a9-linaro-pre-build-step
' '
make: Nothing to be done for 'main-build'.
00:20:37 **** Incremental Build of configuration Debug for project Uart_Exp ****
make pre-build main-build 
a9-linaro-pre-build-step
' '
make: Nothing to be done for 'main-build'.
00:27:25 **** Auto Build of configuration Debug for project Uart_Exp ****
make pre-build main-build 
a9-linaro-pre-build-step
' '
'Building file: ../src/uart_polling.c'
'Invoking: ARM v7 gcc compiler'
arm-none-eabi-gcc -Wall -O0 -g3 -c -fmessage-length=0 -MT"src/uart_polling.o" -mcpu=cortex-a9 -mfpu=vfpv3 -mfloat-abi=hard -I../../Uart_Exp_bsp/ps7_cortexa9_0/include -MMD -MP -MF"src/uart_polling.d" -MT"src/uart_polling.o" -o "src/uart_polling.o" "../src/uart_polling.c"
../src/uart_polling.c: In function 'UartLitePolledExample':
../src/uart_polling.c:159:3: warning: implicit declaration of function 'usleep'; did you mean 'fseek'? [-Wimplicit-function-declaration]
   usleep(10000);
   ^~~~~~
   fseek
../src/uart_polling.c:119:15: warning: unused variable 'ReceivedCount' [-Wunused-variable]
  unsigned int ReceivedCount = 0;
               ^~~~~~~~~~~~~
'Finished building: ../src/uart_polling.c'
' '
'Building target: Uart_Exp.elf'
'Invoking: ARM v7 gcc linker'
arm-none-eabi-gcc -mcpu=cortex-a9 -mfpu=vfpv3 -mfloat-abi=hard -Wl,-build-id=none -specs=Xilinx.spec -Wl,-T -Wl,../src/lscript.ld -L../../Uart_Exp_bsp/ps7_cortexa9_0/lib -o "Uart_Exp.elf"  ./src/platform.o ./src/uart_polling.o   -Wl,--start-group,-lxil,-lgcc,-lc,--end-group
'Finished building target: Uart_Exp.elf'
' '
'Invoking: ARM v7 Print Size'
arm-none-eabi-size Uart_Exp.elf  |tee "Uart_Exp.elf.size"
   text	   data	    bss	    dec	    hex	filename
  25804	   1184	  22712	  49700	   c224	Uart_Exp.elf
'Finished building: Uart_Exp.elf.size'
' '
00:27:32 **** Incremental Build of configuration Debug for project Uart_Exp ****
make pre-build main-build 
a9-linaro-pre-build-step
' '
make: Nothing to be done for 'main-build'.
00:28:59 **** Auto Build of configuration Debug for project Uart_Exp ****
make pre-build main-build 
a9-linaro-pre-build-step
' '
'Building file: ../src/uart_polling.c'
'Invoking: ARM v7 gcc compiler'
arm-none-eabi-gcc -Wall -O0 -g3 -c -fmessage-length=0 -MT"src/uart_polling.o" -mcpu=cortex-a9 -mfpu=vfpv3 -mfloat-abi=hard -I../../Uart_Exp_bsp/ps7_cortexa9_0/include -MMD -MP -MF"src/uart_polling.d" -MT"src/uart_polling.o" -o "src/uart_polling.o" "../src/uart_polling.c"
../src/uart_polling.c: In function 'UartLitePolledExample':
../src/uart_polling.c:159:3: warning: implicit declaration of function 'usleep'; did you mean 'fseek'? [-Wimplicit-function-declaration]
   usleep(10000);
   ^~~~~~
   fseek
../src/uart_polling.c:119:15: warning: unused variable 'ReceivedCount' [-Wunused-variable]
  unsigned int ReceivedCount = 0;
               ^~~~~~~~~~~~~
'Finished building: ../src/uart_polling.c'
' '
'Building target: Uart_Exp.elf'
'Invoking: ARM v7 gcc linker'
arm-none-eabi-gcc -mcpu=cortex-a9 -mfpu=vfpv3 -mfloat-abi=hard -Wl,-build-id=none -specs=Xilinx.spec -Wl,-T -Wl,../src/lscript.ld -L../../Uart_Exp_bsp/ps7_cortexa9_0/lib -o "Uart_Exp.elf"  ./src/platform.o ./src/uart_polling.o   -Wl,--start-group,-lxil,-lgcc,-lc,--end-group
'Finished building target: Uart_Exp.elf'
' '
'Invoking: ARM v7 Print Size'
arm-none-eabi-size Uart_Exp.elf  |tee "Uart_Exp.elf.size"
   text	   data	    bss	    dec	    hex	filename
  25804	   1184	  22712	  49700	   c224	Uart_Exp.elf
'Finished building: Uart_Exp.elf.size'
' '
00:29:04 **** Incremental Build of configuration Debug for project Uart_Exp ****
make pre-build main-build 
a9-linaro-pre-build-step
' '
make: Nothing to be done for 'main-build'.
00:30:19 **** Auto Build of configuration Debug for project Uart_Exp ****
make pre-build main-build 
a9-linaro-pre-build-step
' '
'Building file: ../src/uart_polling.c'
'Invoking: ARM v7 gcc compiler'
arm-none-eabi-gcc -Wall -O0 -g3 -c -fmessage-length=0 -MT"src/uart_polling.o" -mcpu=cortex-a9 -mfpu=vfpv3 -mfloat-abi=hard -I../../Uart_Exp_bsp/ps7_cortexa9_0/include -MMD -MP -MF"src/uart_polling.d" -MT"src/uart_polling.o" -o "src/uart_polling.o" "../src/uart_polling.c"
In file included from ../src/uart_polling.c:3:0:
../src/uart_polling.c: In function 'main':
../../Uart_Exp_bsp/ps7_cortexa9_0/include/xparameters.h:386:38: warning: large integer implicitly truncated to unsigned type [-Woverflow]
 #define XPAR_AXI_UARTLITE_0_BASEADDR 0x42C00000
                                      ^
../src/uart_polling.c:19:31: note: in expansion of macro 'XPAR_AXI_UARTLITE_0_BASEADDR'
 #define UARTLITE_DEVICE_ID    XPAR_AXI_UARTLITE_0_BASEADDR
                               ^~~~~~~~~~~~~~~~~~~~~~~~~~~~
../src/uart_polling.c:79:33: note: in expansion of macro 'UARTLITE_DEVICE_ID'
  Status = UartLitePolledExample(UARTLITE_DEVICE_ID);
                                 ^~~~~~~~~~~~~~~~~~
../src/uart_polling.c: In function 'UartLitePolledExample':
../src/uart_polling.c:159:3: warning: implicit declaration of function 'usleep'; did you mean 'fseek'? [-Wimplicit-function-declaration]
   usleep(10000);
   ^~~~~~
   fseek
../src/uart_polling.c:119:15: warning: unused variable 'ReceivedCount' [-Wunused-variable]
  unsigned int ReceivedCount = 0;
               ^~~~~~~~~~~~~
'Finished building: ../src/uart_polling.c'
' '
'Building target: Uart_Exp.elf'
'Invoking: ARM v7 gcc linker'
arm-none-eabi-gcc -mcpu=cortex-a9 -mfpu=vfpv3 -mfloat-abi=hard -Wl,-build-id=none -specs=Xilinx.spec -Wl,-T -Wl,../src/lscript.ld -L../../Uart_Exp_bsp/ps7_cortexa9_0/lib -o "Uart_Exp.elf"  ./src/platform.o ./src/uart_polling.o   -Wl,--start-group,-lxil,-lgcc,-lc,--end-group
'Finished building target: Uart_Exp.elf'
' '
'Invoking: ARM v7 Print Size'
arm-none-eabi-size Uart_Exp.elf  |tee "Uart_Exp.elf.size"
   text	   data	    bss	    dec	    hex	filename
  25804	   1184	  22712	  49700	   c224	Uart_Exp.elf
'Finished building: Uart_Exp.elf.size'
' '
00:30:36 **** Incremental Build of configuration Debug for project Uart_Exp ****
make pre-build main-build 
a9-linaro-pre-build-step
' '
make: Nothing to be done for 'main-build'.
00:31:28 **** Incremental Build of configuration Debug for project Uart_Exp ****
make pre-build main-build 
a9-linaro-pre-build-step
' '
make: Nothing to be done for 'main-build'.
00:32:05 **** Auto Build of configuration Debug for project Uart_Exp ****
make pre-build main-build 
a9-linaro-pre-build-step
' '
'Building file: ../src/uart_polling.c'
'Invoking: ARM v7 gcc compiler'
arm-none-eabi-gcc -Wall -O0 -g3 -c -fmessage-length=0 -MT"src/uart_polling.o" -mcpu=cortex-a9 -mfpu=vfpv3 -mfloat-abi=hard -I../../Uart_Exp_bsp/ps7_cortexa9_0/include -MMD -MP -MF"src/uart_polling.d" -MT"src/uart_polling.o" -o "src/uart_polling.o" "../src/uart_polling.c"
In file included from ../src/uart_polling.c:3:0:
../src/uart_polling.c: In function 'main':
../../Uart_Exp_bsp/ps7_cortexa9_0/include/xparameters.h:386:38: warning: large integer implicitly truncated to unsigned type [-Woverflow]
 #define XPAR_AXI_UARTLITE_0_BASEADDR 0x42C00000
                                      ^
../src/uart_polling.c:19:31: note: in expansion of macro 'XPAR_AXI_UARTLITE_0_BASEADDR'
 #define UARTLITE_DEVICE_ID    XPAR_AXI_UARTLITE_0_BASEADDR
                               ^~~~~~~~~~~~~~~~~~~~~~~~~~~~
../src/uart_polling.c:79:33: note: in expansion of macro 'UARTLITE_DEVICE_ID'
  Status = UartLitePolledExample(UARTLITE_DEVICE_ID);
                                 ^~~~~~~~~~~~~~~~~~
../src/uart_polling.c: In function 'UartLitePolledExample':
../src/uart_polling.c:157:3: warning: implicit declaration of function 'usleep'; did you mean 'fseek'? [-Wimplicit-function-declaration]
   usleep(10000);
   ^~~~~~
   fseek
../src/uart_polling.c:119:15: warning: unused variable 'ReceivedCount' [-Wunused-variable]
  unsigned int ReceivedCount = 0;
               ^~~~~~~~~~~~~
../src/uart_polling.c:118:15: warning: variable 'SentCount' set but not used [-Wunused-but-set-variable]
  unsigned int SentCount;
               ^~~~~~~~~
'Finished building: ../src/uart_polling.c'
' '
'Building target: Uart_Exp.elf'
'Invoking: ARM v7 gcc linker'
arm-none-eabi-gcc -mcpu=cortex-a9 -mfpu=vfpv3 -mfloat-abi=hard -Wl,-build-id=none -specs=Xilinx.spec -Wl,-T -Wl,../src/lscript.ld -L../../Uart_Exp_bsp/ps7_cortexa9_0/lib -o "Uart_Exp.elf"  ./src/platform.o ./src/uart_polling.o   -Wl,--start-group,-lxil,-lgcc,-lc,--end-group
'Finished building target: Uart_Exp.elf'
' '
'Invoking: ARM v7 Print Size'
arm-none-eabi-size Uart_Exp.elf  |tee "Uart_Exp.elf.size"
   text	   data	    bss	    dec	    hex	filename
  25740	   1184	  22712	  49636	   c1e4	Uart_Exp.elf
'Finished building: Uart_Exp.elf.size'
' '
00:32:09 **** Incremental Build of configuration Debug for project Uart_Exp ****
make pre-build main-build 
a9-linaro-pre-build-step
' '
make: Nothing to be done for 'main-build'.
00:33:22 **** Incremental Build of configuration Debug for project Uart_Exp ****
make pre-build main-build 
a9-linaro-pre-build-step
' '
make: Nothing to be done for 'main-build'.
00:35:25 **** Auto Build of configuration Debug for project Uart_Exp ****
make pre-build main-build 
a9-linaro-pre-build-step
' '
'Building file: ../src/uart_polling.c'
'Invoking: ARM v7 gcc compiler'
arm-none-eabi-gcc -Wall -O0 -g3 -c -fmessage-length=0 -MT"src/uart_polling.o" -mcpu=cortex-a9 -mfpu=vfpv3 -mfloat-abi=hard -I../../Uart_Exp_bsp/ps7_cortexa9_0/include -MMD -MP -MF"src/uart_polling.d" -MT"src/uart_polling.o" -o "src/uart_polling.o" "../src/uart_polling.c"
../src/uart_polling.c: In function 'UartLitePolledExample':
../src/uart_polling.c:157:3: warning: implicit declaration of function 'usleep'; did you mean 'fseek'? [-Wimplicit-function-declaration]
   usleep(10000);
   ^~~~~~
   fseek
../src/uart_polling.c:119:15: warning: unused variable 'ReceivedCount' [-Wunused-variable]
  unsigned int ReceivedCount = 0;
               ^~~~~~~~~~~~~
../src/uart_polling.c:118:15: warning: variable 'SentCount' set but not used [-Wunused-but-set-variable]
  unsigned int SentCount;
               ^~~~~~~~~
'Finished building: ../src/uart_polling.c'
' '
'Building target: Uart_Exp.elf'
'Invoking: ARM v7 gcc linker'
arm-none-eabi-gcc -mcpu=cortex-a9 -mfpu=vfpv3 -mfloat-abi=hard -Wl,-build-id=none -specs=Xilinx.spec -Wl,-T -Wl,../src/lscript.ld -L../../Uart_Exp_bsp/ps7_cortexa9_0/lib -o "Uart_Exp.elf"  ./src/platform.o ./src/uart_polling.o   -Wl,--start-group,-lxil,-lgcc,-lc,--end-group
'Finished building target: Uart_Exp.elf'
' '
'Invoking: ARM v7 Print Size'
arm-none-eabi-size Uart_Exp.elf  |tee "Uart_Exp.elf.size"
   text	   data	    bss	    dec	    hex	filename
  25740	   1184	  22712	  49636	   c1e4	Uart_Exp.elf
'Finished building: Uart_Exp.elf.size'
' '
00:35:33 **** Incremental Build of configuration Debug for project Uart_Exp ****
make pre-build main-build 
a9-linaro-pre-build-step
' '
make: Nothing to be done for 'main-build'.
00:38:15 **** Incremental Build of configuration Debug for project Uart_Exp ****
make pre-build main-build 
a9-linaro-pre-build-step
' '
make: Nothing to be done for 'main-build'.
00:47:01 **** Incremental Build of configuration Debug for project Uart_Exp ****
make pre-build main-build 
a9-linaro-pre-build-step
' '
make: Nothing to be done for 'main-build'.
00:51:31 **** Clean-only build of project Uart_Exp_bsp ****
make -k clean 
make -C ps7_cortexa9_0/libsrc/coresightps_dcc_v1_4/src -s clean 
make -C ps7_cortexa9_0/libsrc/cpu_cortexa9_v2_7/src -s clean 
make -C ps7_cortexa9_0/libsrc/ddrps_v1_0/src -s clean 
make -C ps7_cortexa9_0/libsrc/devcfg_v3_5/src -s clean 
make -C ps7_cortexa9_0/libsrc/dmaps_v2_4/src -s clean 
make -C ps7_cortexa9_0/libsrc/emacps_v3_8/src -s clean 
make -C ps7_cortexa9_0/libsrc/gpiops_v3_4/src -s clean 
make -C ps7_cortexa9_0/libsrc/gpio_v4_3/src -s clean 
make -C ps7_cortexa9_0/libsrc/qspips_v3_5/src -s clean 
make -C ps7_cortexa9_0/libsrc/scugic_v3_10/src -s clean 
make -C ps7_cortexa9_0/libsrc/scutimer_v2_1/src -s clean 
make -C ps7_cortexa9_0/libsrc/scuwdt_v2_1/src -s clean 
make -C ps7_cortexa9_0/libsrc/sdps_v3_6/src -s clean 
make -C ps7_cortexa9_0/libsrc/standalone_v6_8/src -s clean 
make -C ps7_cortexa9_0/libsrc/uartlite_v3_2/src -s clean 
make -C ps7_cortexa9_0/libsrc/uartps_v3_7/src -s clean 
make -C ps7_cortexa9_0/libsrc/usbps_v2_4/src -s clean 
make -C ps7_cortexa9_0/libsrc/xadcps_v2_3/src -s clean 
rm -f ps7_cortexa9_0/lib/libxil.a
00:51:32 **** Clean-only build of configuration Debug for project Uart_Exp ****
make clean 
rm -rf  ./src/platform.o ./src/uart_polling.o  ./src/platform.d ./src/uart_polling.d  Uart_Exp.elf.size  Uart_Exp.elf
' '
00:51:32 **** Build of project Uart_Exp_bsp ****
make -k all 
"Running Make include in ps7_cortexa9_0/libsrc/coresightps_dcc_v1_4/src"
make -C ps7_cortexa9_0/libsrc/coresightps_dcc_v1_4/src -s include  "SHELL=CMD" "COMPILER=arm-none-eabi-gcc" "ARCHIVER=arm-none-eabi-ar" "COMPILER_FLAGS=  -O2 -c" "EXTRA_COMPILER_FLAGS=-mcpu=cortex-a9 -mfpu=vfpv3 -mfloat-abi=hard -nostartfiles -g -Wall -Wextra"
"Running Make include in ps7_cortexa9_0/libsrc/cpu_cortexa9_v2_7/src"
make -C ps7_cortexa9_0/libsrc/cpu_cortexa9_v2_7/src -s include  "SHELL=CMD" "COMPILER=arm-none-eabi-gcc" "ARCHIVER=arm-none-eabi-ar" "COMPILER_FLAGS=  -O2 -c" "EXTRA_COMPILER_FLAGS=-mcpu=cortex-a9 -mfpu=vfpv3 -mfloat-abi=hard -nostartfiles -g -Wall -Wextra"
"Running Make include in ps7_cortexa9_0/libsrc/ddrps_v1_0/src"
make -C ps7_cortexa9_0/libsrc/ddrps_v1_0/src -s include  "SHELL=CMD" "COMPILER=arm-none-eabi-gcc" "ARCHIVER=arm-none-eabi-ar" "COMPILER_FLAGS=  -O2 -c" "EXTRA_COMPILER_FLAGS=-mcpu=cortex-a9 -mfpu=vfpv3 -mfloat-abi=hard -nostartfiles -g -Wall -Wextra"
"Running Make include in ps7_cortexa9_0/libsrc/devcfg_v3_5/src"
make -C ps7_cortexa9_0/libsrc/devcfg_v3_5/src -s include  "SHELL=CMD" "COMPILER=arm-none-eabi-gcc" "ARCHIVER=arm-none-eabi-ar" "COMPILER_FLAGS=  -O2 -c" "EXTRA_COMPILER_FLAGS=-mcpu=cortex-a9 -mfpu=vfpv3 -mfloat-abi=hard -nostartfiles -g -Wall -Wextra"
"Running Make include in ps7_cortexa9_0/libsrc/dmaps_v2_4/src"
make -C ps7_cortexa9_0/libsrc/dmaps_v2_4/src -s include  "SHELL=CMD" "COMPILER=arm-none-eabi-gcc" "ARCHIVER=arm-none-eabi-ar" "COMPILER_FLAGS=  -O2 -c" "EXTRA_COMPILER_FLAGS=-mcpu=cortex-a9 -mfpu=vfpv3 -mfloat-abi=hard -nostartfiles -g -Wall -Wextra"
"Running Make include in ps7_cortexa9_0/libsrc/emacps_v3_8/src"
make -C ps7_cortexa9_0/libsrc/emacps_v3_8/src -s include  "SHELL=CMD" "COMPILER=arm-none-eabi-gcc" "ARCHIVER=arm-none-eabi-ar" "COMPILER_FLAGS=  -O2 -c" "EXTRA_COMPILER_FLAGS=-mcpu=cortex-a9 -mfpu=vfpv3 -mfloat-abi=hard -nostartfiles -g -Wall -Wextra"
"Running Make include in ps7_cortexa9_0/libsrc/gpiops_v3_4/src"
make -C ps7_cortexa9_0/libsrc/gpiops_v3_4/src -s include  "SHELL=CMD" "COMPILER=arm-none-eabi-gcc" "ARCHIVER=arm-none-eabi-ar" "COMPILER_FLAGS=  -O2 -c" "EXTRA_COMPILER_FLAGS=-mcpu=cortex-a9 -mfpu=vfpv3 -mfloat-abi=hard -nostartfiles -g -Wall -Wextra"
"Running Make include in ps7_cortexa9_0/libsrc/gpio_v4_3/src"
make -C ps7_cortexa9_0/libsrc/gpio_v4_3/src -s include  "SHELL=CMD" "COMPILER=arm-none-eabi-gcc" "ARCHIVER=arm-none-eabi-ar" "COMPILER_FLAGS=  -O2 -c" "EXTRA_COMPILER_FLAGS=-mcpu=cortex-a9 -mfpu=vfpv3 -mfloat-abi=hard -nostartfiles -g -Wall -Wextra"
"Running Make include in ps7_cortexa9_0/libsrc/qspips_v3_5/src"
make -C ps7_cortexa9_0/libsrc/qspips_v3_5/src -s include  "SHELL=CMD" "COMPILER=arm-none-eabi-gcc" "ARCHIVER=arm-none-eabi-ar" "COMPILER_FLAGS=  -O2 -c" "EXTRA_COMPILER_FLAGS=-mcpu=cortex-a9 -mfpu=vfpv3 -mfloat-abi=hard -nostartfiles -g -Wall -Wextra"
"Running Make include in ps7_cortexa9_0/libsrc/scugic_v3_10/src"
make -C ps7_cortexa9_0/libsrc/scugic_v3_10/src -s include  "SHELL=CMD" "COMPILER=arm-none-eabi-gcc" "ARCHIVER=arm-none-eabi-ar" "COMPILER_FLAGS=  -O2 -c" "EXTRA_COMPILER_FLAGS=-mcpu=cortex-a9 -mfpu=vfpv3 -mfloat-abi=hard -nostartfiles -g -Wall -Wextra"
"Running Make include in ps7_cortexa9_0/libsrc/scutimer_v2_1/src"
make -C ps7_cortexa9_0/libsrc/scutimer_v2_1/src -s include  "SHELL=CMD" "COMPILER=arm-none-eabi-gcc" "ARCHIVER=arm-none-eabi-ar" "COMPILER_FLAGS=  -O2 -c" "EXTRA_COMPILER_FLAGS=-mcpu=cortex-a9 -mfpu=vfpv3 -mfloat-abi=hard -nostartfiles -g -Wall -Wextra"
"Running Make include in ps7_cortexa9_0/libsrc/scuwdt_v2_1/src"
make -C ps7_cortexa9_0/libsrc/scuwdt_v2_1/src -s include  "SHELL=CMD" "COMPILER=arm-none-eabi-gcc" "ARCHIVER=arm-none-eabi-ar" "COMPILER_FLAGS=  -O2 -c" "EXTRA_COMPILER_FLAGS=-mcpu=cortex-a9 -mfpu=vfpv3 -mfloat-abi=hard -nostartfiles -g -Wall -Wextra"
"Running Make include in ps7_cortexa9_0/libsrc/sdps_v3_6/src"
make -C ps7_cortexa9_0/libsrc/sdps_v3_6/src -s include  "SHELL=CMD" "COMPILER=arm-none-eabi-gcc" "ARCHIVER=arm-none-eabi-ar" "COMPILER_FLAGS=  -O2 -c" "EXTRA_COMPILER_FLAGS=-mcpu=cortex-a9 -mfpu=vfpv3 -mfloat-abi=hard -nostartfiles -g -Wall -Wextra"
"Running Make include in ps7_cortexa9_0/libsrc/standalone_v6_8/src"
make -C ps7_cortexa9_0/libsrc/standalone_v6_8/src -s include  "SHELL=CMD" "COMPILER=arm-none-eabi-gcc" "ARCHIVER=arm-none-eabi-ar" "COMPILER_FLAGS=  -O2 -c" "EXTRA_COMPILER_FLAGS=-mcpu=cortex-a9 -mfpu=vfpv3 -mfloat-abi=hard -nostartfiles -g -Wall -Wextra"
"Running Make include in ps7_cortexa9_0/libsrc/uartlite_v3_2/src"
make -C ps7_cortexa9_0/libsrc/uartlite_v3_2/src -s include  "SHELL=CMD" "COMPILER=arm-none-eabi-gcc" "ARCHIVER=arm-none-eabi-ar" "COMPILER_FLAGS=  -O2 -c" "EXTRA_COMPILER_FLAGS=-mcpu=cortex-a9 -mfpu=vfpv3 -mfloat-abi=hard -nostartfiles -g -Wall -Wextra"
"Running Make include in ps7_cortexa9_0/libsrc/uartps_v3_7/src"
make -C ps7_cortexa9_0/libsrc/uartps_v3_7/src -s include  "SHELL=CMD" "COMPILER=arm-none-eabi-gcc" "ARCHIVER=arm-none-eabi-ar" "COMPILER_FLAGS=  -O2 -c" "EXTRA_COMPILER_FLAGS=-mcpu=cortex-a9 -mfpu=vfpv3 -mfloat-abi=hard -nostartfiles -g -Wall -Wextra"
"Running Make include in ps7_cortexa9_0/libsrc/usbps_v2_4/src"
make -C ps7_cortexa9_0/libsrc/usbps_v2_4/src -s include  "SHELL=CMD" "COMPILER=arm-none-eabi-gcc" "ARCHIVER=arm-none-eabi-ar" "COMPILER_FLAGS=  -O2 -c" "EXTRA_COMPILER_FLAGS=-mcpu=cortex-a9 -mfpu=vfpv3 -mfloat-abi=hard -nostartfiles -g -Wall -Wextra"
"Running Make include in ps7_cortexa9_0/libsrc/xadcps_v2_3/src"
make -C ps7_cortexa9_0/libsrc/xadcps_v2_3/src -s include  "SHELL=CMD" "COMPILER=arm-none-eabi-gcc" "ARCHIVER=arm-none-eabi-ar" "COMPILER_FLAGS=  -O2 -c" "EXTRA_COMPILER_FLAGS=-mcpu=cortex-a9 -mfpu=vfpv3 -mfloat-abi=hard -nostartfiles -g -Wall -Wextra"
"Running Make libs in ps7_cortexa9_0/libsrc/coresightps_dcc_v1_4/src"
make -C ps7_cortexa9_0/libsrc/coresightps_dcc_v1_4/src -s libs  "SHELL=CMD" "COMPILER=arm-none-eabi-gcc" "ARCHIVER=arm-none-eabi-ar" "COMPILER_FLAGS=  -O2 -c" "EXTRA_COMPILER_FLAGS=-mcpu=cortex-a9 -mfpu=vfpv3 -mfloat-abi=hard -nostartfiles -g -Wall -Wextra"
"Compiling coresightps_dcc"
arm-none-eabi-ar: creating ../../../lib/libxil.a
"Running Make libs in ps7_cortexa9_0/libsrc/cpu_cortexa9_v2_7/src"
make -C ps7_cortexa9_0/libsrc/cpu_cortexa9_v2_7/src -s libs  "SHELL=CMD" "COMPILER=arm-none-eabi-gcc" "ARCHIVER=arm-none-eabi-ar" "COMPILER_FLAGS=  -O2 -c" "EXTRA_COMPILER_FLAGS=-mcpu=cortex-a9 -mfpu=vfpv3 -mfloat-abi=hard -nostartfiles -g -Wall -Wextra"
"Compiling cpu_cortexa9"
"Running Make libs in ps7_cortexa9_0/libsrc/ddrps_v1_0/src"
make -C ps7_cortexa9_0/libsrc/ddrps_v1_0/src -s libs  "SHELL=CMD" "COMPILER=arm-none-eabi-gcc" "ARCHIVER=arm-none-eabi-ar" "COMPILER_FLAGS=  -O2 -c" "EXTRA_COMPILER_FLAGS=-mcpu=cortex-a9 -mfpu=vfpv3 -mfloat-abi=hard -nostartfiles -g -Wall -Wextra"
"Compiling ddrps"
"Running Make libs in ps7_cortexa9_0/libsrc/devcfg_v3_5/src"
make -C ps7_cortexa9_0/libsrc/devcfg_v3_5/src -s libs  "SHELL=CMD" "COMPILER=arm-none-eabi-gcc" "ARCHIVER=arm-none-eabi-ar" "COMPILER_FLAGS=  -O2 -c" "EXTRA_COMPILER_FLAGS=-mcpu=cortex-a9 -mfpu=vfpv3 -mfloat-abi=hard -nostartfiles -g -Wall -Wextra"
"Compiling devcfg"
"Running Make libs in ps7_cortexa9_0/libsrc/dmaps_v2_4/src"
make -C ps7_cortexa9_0/libsrc/dmaps_v2_4/src -s libs  "SHELL=CMD" "COMPILER=arm-none-eabi-gcc" "ARCHIVER=arm-none-eabi-ar" "COMPILER_FLAGS=  -O2 -c" "EXTRA_COMPILER_FLAGS=-mcpu=cortex-a9 -mfpu=vfpv3 -mfloat-abi=hard -nostartfiles -g -Wall -Wextra"
"Compiling dmaps"
"Running Make libs in ps7_cortexa9_0/libsrc/emacps_v3_8/src"
make -C ps7_cortexa9_0/libsrc/emacps_v3_8/src -s libs  "SHELL=CMD" "COMPILER=arm-none-eabi-gcc" "ARCHIVER=arm-none-eabi-ar" "COMPILER_FLAGS=  -O2 -c" "EXTRA_COMPILER_FLAGS=-mcpu=cortex-a9 -mfpu=vfpv3 -mfloat-abi=hard -nostartfiles -g -Wall -Wextra"
"Compiling emacps"
"Running Make libs in ps7_cortexa9_0/libsrc/gpiops_v3_4/src"
make -C ps7_cortexa9_0/libsrc/gpiops_v3_4/src -s libs  "SHELL=CMD" "COMPILER=arm-none-eabi-gcc" "ARCHIVER=arm-none-eabi-ar" "COMPILER_FLAGS=  -O2 -c" "EXTRA_COMPILER_FLAGS=-mcpu=cortex-a9 -mfpu=vfpv3 -mfloat-abi=hard -nostartfiles -g -Wall -Wextra"
"Compiling gpiops"
"Running Make libs in ps7_cortexa9_0/libsrc/gpio_v4_3/src"
make -C ps7_cortexa9_0/libsrc/gpio_v4_3/src -s libs  "SHELL=CMD" "COMPILER=arm-none-eabi-gcc" "ARCHIVER=arm-none-eabi-ar" "COMPILER_FLAGS=  -O2 -c" "EXTRA_COMPILER_FLAGS=-mcpu=cortex-a9 -mfpu=vfpv3 -mfloat-abi=hard -nostartfiles -g -Wall -Wextra"
"Compiling gpio"
"Running Make libs in ps7_cortexa9_0/libsrc/qspips_v3_5/src"
make -C ps7_cortexa9_0/libsrc/qspips_v3_5/src -s libs  "SHELL=CMD" "COMPILER=arm-none-eabi-gcc" "ARCHIVER=arm-none-eabi-ar" "COMPILER_FLAGS=  -O2 -c" "EXTRA_COMPILER_FLAGS=-mcpu=cortex-a9 -mfpu=vfpv3 -mfloat-abi=hard -nostartfiles -g -Wall -Wextra"
"Compiling qspips"
"Running Make libs in ps7_cortexa9_0/libsrc/scugic_v3_10/src"
make -C ps7_cortexa9_0/libsrc/scugic_v3_10/src -s libs  "SHELL=CMD" "COMPILER=arm-none-eabi-gcc" "ARCHIVER=arm-none-eabi-ar" "COMPILER_FLAGS=  -O2 -c" "EXTRA_COMPILER_FLAGS=-mcpu=cortex-a9 -mfpu=vfpv3 -mfloat-abi=hard -nostartfiles -g -Wall -Wextra"
"Compiling scugic"
"Running Make libs in ps7_cortexa9_0/libsrc/scutimer_v2_1/src"
make -C ps7_cortexa9_0/libsrc/scutimer_v2_1/src -s libs  "SHELL=CMD" "COMPILER=arm-none-eabi-gcc" "ARCHIVER=arm-none-eabi-ar" "COMPILER_FLAGS=  -O2 -c" "EXTRA_COMPILER_FLAGS=-mcpu=cortex-a9 -mfpu=vfpv3 -mfloat-abi=hard -nostartfiles -g -Wall -Wextra"
"Compiling scutimer"
"Running Make libs in ps7_cortexa9_0/libsrc/scuwdt_v2_1/src"
make -C ps7_cortexa9_0/libsrc/scuwdt_v2_1/src -s libs  "SHELL=CMD" "COMPILER=arm-none-eabi-gcc" "ARCHIVER=arm-none-eabi-ar" "COMPILER_FLAGS=  -O2 -c" "EXTRA_COMPILER_FLAGS=-mcpu=cortex-a9 -mfpu=vfpv3 -mfloat-abi=hard -nostartfiles -g -Wall -Wextra"
"Compiling scuwdt"
"Running Make libs in ps7_cortexa9_0/libsrc/sdps_v3_6/src"
make -C ps7_cortexa9_0/libsrc/sdps_v3_6/src -s libs  "SHELL=CMD" "COMPILER=arm-none-eabi-gcc" "ARCHIVER=arm-none-eabi-ar" "COMPILER_FLAGS=  -O2 -c" "EXTRA_COMPILER_FLAGS=-mcpu=cortex-a9 -mfpu=vfpv3 -mfloat-abi=hard -nostartfiles -g -Wall -Wextra"
"Compiling sdps"
"Running Make libs in ps7_cortexa9_0/libsrc/standalone_v6_8/src"
make -C ps7_cortexa9_0/libsrc/standalone_v6_8/src -s libs  "SHELL=CMD" "COMPILER=arm-none-eabi-gcc" "ARCHIVER=arm-none-eabi-ar" "COMPILER_FLAGS=  -O2 -c" "EXTRA_COMPILER_FLAGS=-mcpu=cortex-a9 -mfpu=vfpv3 -mfloat-abi=hard -nostartfiles -g -Wall -Wextra"
"Compiling standalone"
In file included from usleep.c:56:0:
xtime_l.h:87:9: note: #pragma message: For the sleep routines, Global timer is being used
 #pragma message ("For the sleep routines, Global timer is being used")
         ^~~~~~~
In file included from xil_sleeptimer.c:51:0:
xtime_l.h:87:9: note: #pragma message: For the sleep routines, Global timer is being used
 #pragma message ("For the sleep routines, Global timer is being used")
         ^~~~~~~
In file included from xtime_l.c:49:0:
xtime_l.h:87:9: note: #pragma message: For the sleep routines, Global timer is being used
 #pragma message ("For the sleep routines, Global timer is being used")
         ^~~~~~~
In file included from sleep.c:53:0:
xtime_l.h:87:9: note: #pragma message: For the sleep routines, Global timer is being used
 #pragma message ("For the sleep routines, Global timer is being used")
         ^~~~~~~
"Running Make libs in ps7_cortexa9_0/libsrc/uartlite_v3_2/src"
make -C ps7_cortexa9_0/libsrc/uartlite_v3_2/src -s libs  "SHELL=CMD" "COMPILER=arm-none-eabi-gcc" "ARCHIVER=arm-none-eabi-ar" "COMPILER_FLAGS=  -O2 -c" "EXTRA_COMPILER_FLAGS=-mcpu=cortex-a9 -mfpu=vfpv3 -mfloat-abi=hard -nostartfiles -g -Wall -Wextra"
"Compiling uartlite"
"Running Make libs in ps7_cortexa9_0/libsrc/uartps_v3_7/src"
make -C ps7_cortexa9_0/libsrc/uartps_v3_7/src -s libs  "SHELL=CMD" "COMPILER=arm-none-eabi-gcc" "ARCHIVER=arm-none-eabi-ar" "COMPILER_FLAGS=  -O2 -c" "EXTRA_COMPILER_FLAGS=-mcpu=cortex-a9 -mfpu=vfpv3 -mfloat-abi=hard -nostartfiles -g -Wall -Wextra"
"Compiling uartps"
"Running Make libs in ps7_cortexa9_0/libsrc/usbps_v2_4/src"
make -C ps7_cortexa9_0/libsrc/usbps_v2_4/src -s libs  "SHELL=CMD" "COMPILER=arm-none-eabi-gcc" "ARCHIVER=arm-none-eabi-ar" "COMPILER_FLAGS=  -O2 -c" "EXTRA_COMPILER_FLAGS=-mcpu=cortex-a9 -mfpu=vfpv3 -mfloat-abi=hard -nostartfiles -g -Wall -Wextra"
"Compiling usbps"
"Running Make libs in ps7_cortexa9_0/libsrc/xadcps_v2_3/src"
make -C ps7_cortexa9_0/libsrc/xadcps_v2_3/src -s libs  "SHELL=CMD" "COMPILER=arm-none-eabi-gcc" "ARCHIVER=arm-none-eabi-ar" "COMPILER_FLAGS=  -O2 -c" "EXTRA_COMPILER_FLAGS=-mcpu=cortex-a9 -mfpu=vfpv3 -mfloat-abi=hard -nostartfiles -g -Wall -Wextra"
"Compiling xadcps"
'Finished building libraries'
00:51:56 **** Build of configuration Debug for project Uart_Exp ****
make pre-build main-build 
a9-linaro-pre-build-step
' '
'Building file: ../src/platform.c'
'Invoking: ARM v7 gcc compiler'
arm-none-eabi-gcc -Wall -O0 -g3 -c -fmessage-length=0 -MT"src/platform.o" -mcpu=cortex-a9 -mfpu=vfpv3 -mfloat-abi=hard -I../../Uart_Exp_bsp/ps7_cortexa9_0/include -MMD -MP -MF"src/platform.d" -MT"src/platform.o" -o "src/platform.o" "../src/platform.c"
'Finished building: ../src/platform.c'
' '
'Building file: ../src/uart_polling.c'
'Invoking: ARM v7 gcc compiler'
arm-none-eabi-gcc -Wall -O0 -g3 -c -fmessage-length=0 -MT"src/uart_polling.o" -mcpu=cortex-a9 -mfpu=vfpv3 -mfloat-abi=hard -I../../Uart_Exp_bsp/ps7_cortexa9_0/include -MMD -MP -MF"src/uart_polling.d" -MT"src/uart_polling.o" -o "src/uart_polling.o" "../src/uart_polling.c"
../src/uart_polling.c: In function 'UartLitePolledExample':
../src/uart_polling.c:157:3: warning: implicit declaration of function 'usleep'; did you mean 'fseek'? [-Wimplicit-function-declaration]
   usleep(10000);
   ^~~~~~
   fseek
../src/uart_polling.c:119:15: warning: unused variable 'ReceivedCount' [-Wunused-variable]
  unsigned int ReceivedCount = 0;
               ^~~~~~~~~~~~~
../src/uart_polling.c:118:15: warning: variable 'SentCount' set but not used [-Wunused-but-set-variable]
  unsigned int SentCount;
               ^~~~~~~~~
'Finished building: ../src/uart_polling.c'
' '
'Building target: Uart_Exp.elf'
'Invoking: ARM v7 gcc linker'
arm-none-eabi-gcc -mcpu=cortex-a9 -mfpu=vfpv3 -mfloat-abi=hard -Wl,-build-id=none -specs=Xilinx.spec -Wl,-T -Wl,../src/lscript.ld -L../../Uart_Exp_bsp/ps7_cortexa9_0/lib -o "Uart_Exp.elf"  ./src/platform.o ./src/uart_polling.o   -Wl,--start-group,-lxil,-lgcc,-lc,--end-group
'Finished building target: Uart_Exp.elf'
' '
'Invoking: ARM v7 Print Size'
arm-none-eabi-size Uart_Exp.elf  |tee "Uart_Exp.elf.size"
   text	   data	    bss	    dec	    hex	filename
  25740	   1184	  22712	  49636	   c1e4	Uart_Exp.elf
'Finished building: Uart_Exp.elf.size'
' '
00:52:11 **** Incremental Build of configuration Debug for project Uart_Exp ****
make pre-build main-build 
a9-linaro-pre-build-step
' '
make: Nothing to be done for 'main-build'.
00:53:12 **** Auto Build of configuration Debug for project Uart_Exp ****
make pre-build main-build 
a9-linaro-pre-build-step
' '
'Building file: ../src/uart_polling.c'
'Invoking: ARM v7 gcc compiler'
arm-none-eabi-gcc -Wall -O0 -g3 -c -fmessage-length=0 -MT"src/uart_polling.o" -mcpu=cortex-a9 -mfpu=vfpv3 -mfloat-abi=hard -I../../Uart_Exp_bsp/ps7_cortexa9_0/include -MMD -MP -MF"src/uart_polling.d" -MT"src/uart_polling.o" -o "src/uart_polling.o" "../src/uart_polling.c"
../src/uart_polling.c: In function 'UartLitePolledExample':
../src/uart_polling.c:156:3: warning: implicit declaration of function 'usleep'; did you mean 'fseek'? [-Wimplicit-function-declaration]
   usleep(5000);
   ^~~~~~
   fseek
../src/uart_polling.c:119:15: warning: unused variable 'ReceivedCount' [-Wunused-variable]
  unsigned int ReceivedCount = 0;
               ^~~~~~~~~~~~~
../src/uart_polling.c:118:15: warning: variable 'SentCount' set but not used [-Wunused-but-set-variable]
  unsigned int SentCount;
               ^~~~~~~~~
'Finished building: ../src/uart_polling.c'
' '
'Building target: Uart_Exp.elf'
'Invoking: ARM v7 gcc linker'
arm-none-eabi-gcc -mcpu=cortex-a9 -mfpu=vfpv3 -mfloat-abi=hard -Wl,-build-id=none -specs=Xilinx.spec -Wl,-T -Wl,../src/lscript.ld -L../../Uart_Exp_bsp/ps7_cortexa9_0/lib -o "Uart_Exp.elf"  ./src/platform.o ./src/uart_polling.o   -Wl,--start-group,-lxil,-lgcc,-lc,--end-group
'Finished building target: Uart_Exp.elf'
' '
'Invoking: ARM v7 Print Size'
arm-none-eabi-size Uart_Exp.elf  |tee "Uart_Exp.elf.size"
   text	   data	    bss	    dec	    hex	filename
  25740	   1184	  22712	  49636	   c1e4	Uart_Exp.elf
'Finished building: Uart_Exp.elf.size'
' '
00:53:14 **** Incremental Build of configuration Debug for project Uart_Exp ****
make pre-build main-build 
a9-linaro-pre-build-step
' '
make: Nothing to be done for 'main-build'.
00:54:39 **** Auto Build of configuration Debug for project Uart_Exp ****
make pre-build main-build 
a9-linaro-pre-build-step
' '
'Building file: ../src/uart_polling.c'
'Invoking: ARM v7 gcc compiler'
arm-none-eabi-gcc -Wall -O0 -g3 -c -fmessage-length=0 -MT"src/uart_polling.o" -mcpu=cortex-a9 -mfpu=vfpv3 -mfloat-abi=hard -I../../Uart_Exp_bsp/ps7_cortexa9_0/include -MMD -MP -MF"src/uart_polling.d" -MT"src/uart_polling.o" -o "src/uart_polling.o" "../src/uart_polling.c"
../src/uart_polling.c: In function 'UartLitePolledExample':
../src/uart_polling.c:156:3: warning: implicit declaration of function 'usleep'; did you mean 'fseek'? [-Wimplicit-function-declaration]
   usleep(5000000);
   ^~~~~~
   fseek
../src/uart_polling.c:119:15: warning: unused variable 'ReceivedCount' [-Wunused-variable]
  unsigned int ReceivedCount = 0;
               ^~~~~~~~~~~~~
../src/uart_polling.c:118:15: warning: variable 'SentCount' set but not used [-Wunused-but-set-variable]
  unsigned int SentCount;
               ^~~~~~~~~
'Finished building: ../src/uart_polling.c'
' '
'Building target: Uart_Exp.elf'
'Invoking: ARM v7 gcc linker'
arm-none-eabi-gcc -mcpu=cortex-a9 -mfpu=vfpv3 -mfloat-abi=hard -Wl,-build-id=none -specs=Xilinx.spec -Wl,-T -Wl,../src/lscript.ld -L../../Uart_Exp_bsp/ps7_cortexa9_0/lib -o "Uart_Exp.elf"  ./src/platform.o ./src/uart_polling.o   -Wl,--start-group,-lxil,-lgcc,-lc,--end-group
'Finished building target: Uart_Exp.elf'
' '
'Invoking: ARM v7 Print Size'
arm-none-eabi-size Uart_Exp.elf  |tee "Uart_Exp.elf.size"
   text	   data	    bss	    dec	    hex	filename
  25804	   1184	  22712	  49700	   c224	Uart_Exp.elf
'Finished building: Uart_Exp.elf.size'
' '
00:54:42 **** Incremental Build of configuration Debug for project Uart_Exp ****
make pre-build main-build 
a9-linaro-pre-build-step
' '
make: Nothing to be done for 'main-build'.
00:55:20 **** Auto Build of configuration Debug for project Uart_Exp ****
make pre-build main-build 
a9-linaro-pre-build-step
' '
'Building file: ../src/uart_polling.c'
'Invoking: ARM v7 gcc compiler'
arm-none-eabi-gcc -Wall -O0 -g3 -c -fmessage-length=0 -MT"src/uart_polling.o" -mcpu=cortex-a9 -mfpu=vfpv3 -mfloat-abi=hard -I../../Uart_Exp_bsp/ps7_cortexa9_0/include -MMD -MP -MF"src/uart_polling.d" -MT"src/uart_polling.o" -o "src/uart_polling.o" "../src/uart_polling.c"
../src/uart_polling.c: In function 'UartLitePolledExample':
../src/uart_polling.c:156:3: warning: implicit declaration of function 'usleep'; did you mean 'fseek'? [-Wimplicit-function-declaration]
   usleep(1000000);
   ^~~~~~
   fseek
../src/uart_polling.c:119:15: warning: unused variable 'ReceivedCount' [-Wunused-variable]
  unsigned int ReceivedCount = 0;
               ^~~~~~~~~~~~~
../src/uart_polling.c:118:15: warning: variable 'SentCount' set but not used [-Wunused-but-set-variable]
  unsigned int SentCount;
               ^~~~~~~~~
'Finished building: ../src/uart_polling.c'
' '
'Building target: Uart_Exp.elf'
'Invoking: ARM v7 gcc linker'
arm-none-eabi-gcc -mcpu=cortex-a9 -mfpu=vfpv3 -mfloat-abi=hard -Wl,-build-id=none -specs=Xilinx.spec -Wl,-T -Wl,../src/lscript.ld -L../../Uart_Exp_bsp/ps7_cortexa9_0/lib -o "Uart_Exp.elf"  ./src/platform.o ./src/uart_polling.o   -Wl,--start-group,-lxil,-lgcc,-lc,--end-group
'Finished building target: Uart_Exp.elf'
' '
'Invoking: ARM v7 Print Size'
arm-none-eabi-size Uart_Exp.elf  |tee "Uart_Exp.elf.size"
   text	   data	    bss	    dec	    hex	filename
  25804	   1184	  22712	  49700	   c224	Uart_Exp.elf
'Finished building: Uart_Exp.elf.size'
' '
00:55:24 **** Incremental Build of configuration Debug for project Uart_Exp ****
make pre-build main-build 
a9-linaro-pre-build-step
' '
make: Nothing to be done for 'main-build'.
